package destination

import "example.com/destination/testpkg"

func exampleFunc() {
	testpkg.ExampleFunc()
}
